BL51 BANKED LINKER/LOCATER V6.22.2.0                                                    12/26/2022  08:49:16  PAGE 1


BL51 BANKED LINKER/LOCATER V6.22.2.0, INVOKED BY:
C:\KEIL_V5\C51\BIN\BL51.EXE .\Objects\STARTUP.obj, .\Objects\add.obj, .\Objects\ascendingorder.obj, .\Objects\led_on_off
>> .obj TO .\Objects\codes PRINT (.\Listings\codes.m51)


INPUT MODULES INCLUDED:
  .\Objects\STARTUP.obj (?C_STARTUP)
  .\Objects\add.obj (ADD)
  .\Objects\ascendingorder.obj (ASCENDINGORDER)
  .\Objects\led_on_off.obj (LED_ON_OFF)


LINK MAP OF MODULE:  .\Objects\codes (?C_STARTUP)


            TYPE    BASE      LENGTH    RELOCATION   SEGMENT NAME
            -----------------------------------------------------

            * * * * * * *   D A T A   M E M O R Y   * * * * * * *
            REG     0000H     0008H     ABSOLUTE     "REG BANK 0"
            IDATA   0008H     0001H     UNIT         ?STACK

            * * * * * * *   C O D E   M E M O R Y   * * * * * * *
            CODE    0000H     0003H     ABSOLUTE     
* OVERLAP * CODE    0000H     0017H     ABSOLUTE     
* OVERLAP * CODE    0000H     0022H     ABSOLUTE     
* OVERLAP * CODE    0000H     0025H     ABSOLUTE     
                    0025H     07DBH                  *** GAP ***
            CODE    0800H     000CH     UNIT         ?C_C51STARTUP



UNRESOLVED EXTERNAL SYMBOLS:
   ?C_START



SYMBOL TABLE OF MODULE:  .\Objects\codes (?C_STARTUP)

  VALUE           TYPE          NAME
  ----------------------------------

  -------         MODULE        ?C_STARTUP
  C:0800H         SEGMENT       ?C_C51STARTUP
  I:0008H         SEGMENT       ?STACK
  C:0000H         PUBLIC        ?C_STARTUP
  D:00E0H         SYMBOL        ACC
  D:00F0H         SYMBOL        B
  D:0083H         SYMBOL        DPH
  D:0082H         SYMBOL        DPL
  N:0000H         SYMBOL        IBPSTACK
  N:0100H         SYMBOL        IBPSTACKTOP
  N:0080H         SYMBOL        IDATALEN
  C:0803H         SYMBOL        IDATALOOP
  N:0000H         SYMBOL        PBPSTACK
  N:0100H         SYMBOL        PBPSTACKTOP
  N:0000H         SYMBOL        PDATALEN
  N:0000H         SYMBOL        PDATASTART
BL51 BANKED LINKER/LOCATER V6.22.2.0                                                  12/26/2022  08:49:16  PAGE 2


  N:0000H         SYMBOL        PPAGE
  N:0000H         SYMBOL        PPAGEENABLE
  D:00A0H         SYMBOL        PPAGE_SFR
  D:0081H         SYMBOL        SP
  C:0800H         SYMBOL        STARTUP1
  N:0000H         SYMBOL        XBPSTACK
  N:0000H         SYMBOL        XBPSTACKTOP
  N:0000H         SYMBOL        XDATALEN
  N:0000H         SYMBOL        XDATASTART
  C:0000H         LINE#         126
  C:0800H         LINE#         133
  C:0802H         LINE#         134
  C:0803H         LINE#         135
  C:0804H         LINE#         136
  C:0806H         LINE#         185
  C:0809H         LINE#         196
  -------         ENDMOD        ?C_STARTUP

  -------         MODULE        ADD
  D:00F0H         SYMBOL        B
  C:0000H         LINE#         65533
  C:0002H         LINE#         2
  C:0005H         LINE#         3
  C:0007H         LINE#         4
  C:0009H         LINE#         6
  C:000BH         LINE#         7
  C:000DH         LINE#         8
  C:000FH         LINE#         10
  C:0011H         LINE#         11
  C:0012H         LINE#         12
  C:0014H         LINE#         17
  -------         ENDMOD        ADD

  -------         MODULE        ASCENDINGORDER
  D:00F0H         SYMBOL        B
  C:0017H         SYMBOL        EXCHANGE
  C:0020H         SYMBOL        HERE
  C:0004H         SYMBOL        L1
  C:000BH         SYMBOL        L2
  C:0013H         SYMBOL        L3
  C:001AH         SYMBOL        NEXT
  C:0000H         LINE#         3
  C:0002H         LINE#         4
  C:0004H         LINE#         5
  C:0006H         LINE#         6
  C:0008H         LINE#         7
  C:0009H         LINE#         8
  C:000AH         LINE#         9
  C:000BH         LINE#         10
  C:000DH         LINE#         11
  C:000EH         LINE#         12
  C:0011H         LINE#         13
  C:0013H         LINE#         14
  C:0015H         LINE#         15
  C:0017H         LINE#         16
  C:0018H         LINE#         17
  C:001AH         LINE#         18
BL51 BANKED LINKER/LOCATER V6.22.2.0                                                  12/26/2022  08:49:16  PAGE 3


  C:001BH         LINE#         19
  C:001DH         LINE#         20
  C:001EH         LINE#         21
  C:0020H         LINE#         22
  -------         ENDMOD        ASCENDINGORDER

  -------         MODULE        LED_ON_OFF
  C:0000H         SYMBOL        BACK
  C:000EH         SYMBOL        DELAY
  C:001BH         SYMBOL        L1
  C:0010H         SYMBOL        L2
  D:0080H         SYMBOL        P0
  D:0088H         SYMBOL        TCON
  D:008CH         SYMBOL        TH0
  D:008AH         SYMBOL        TL0
  D:0089H         SYMBOL        TMOD
  C:0000H         LINE#         3
  C:0002H         LINE#         4
  C:0004H         LINE#         5
  C:0006H         LINE#         6
  C:0008H         LINE#         7
  C:000AH         LINE#         8
  C:000CH         LINE#         9
  C:000EH         LINE#         12
  C:0010H         LINE#         13
  C:0013H         LINE#         14
  C:0016H         LINE#         15
  C:0019H         LINE#         16
  C:001BH         LINE#         17
  C:001EH         LINE#         18
  C:0020H         LINE#         19
  C:0022H         LINE#         20
  C:0024H         LINE#         21
  -------         ENDMOD        LED_ON_OFF

*** WARNING L5: CODE SPACE MEMORY OVERLAP
    FROM:    0000H
    TO:      0002H

*** WARNING L5: CODE SPACE MEMORY OVERLAP
    FROM:    0000H
    TO:      0016H

*** WARNING L5: CODE SPACE MEMORY OVERLAP
    FROM:    0000H
    TO:      0021H

*** WARNING L1: UNRESOLVED EXTERNAL SYMBOL
    SYMBOL:  ?C_START
    MODULE:  .\Objects\STARTUP.obj (?C_STARTUP)

*** WARNING L2: REFERENCE MADE TO UNRESOLVED EXTERNAL
    SYMBOL:  ?C_START
    MODULE:  .\Objects\STARTUP.obj (?C_STARTUP)
    ADDRESS: 080AH

******************************************************************************
BL51 BANKED LINKER/LOCATER V6.22.2.0                                                  12/26/2022  08:49:16  PAGE 4


* RESTRICTED VERSION WITH 0800H BYTE CODE SIZE LIMIT; USED: 006DH BYTE ( 5%) *
******************************************************************************

Program Size: data=9.0 xdata=0 code=109
LINK/LOCATE RUN COMPLETE.  5 WARNING(S),  0 ERROR(S)
